0,1,1.54423,0.540684,14.7333
1,1,-2.58946,-2.08459,7.03689
2,1,4.00213,0.881179,12.9948
3,1,-1.77399,4.0865,13.5109
4,1,-3.11412,1.11626,13.9101
